---
source: varnish-macros/src/tests.rs
---
VMOD_JSON_SPEC
[
  [
    "$VMOD",
    "2.0",
    "event4",
    "Vmod_vmod_event4_Func",
    "e2489783cc12d11c2c6e941869556536932f7d596e602b56d1c4d2cdd01efaaf",
    "Varnish (version) (hash)",
    "0",
    "0"
  ],
  [
    "$CPROTO",
    "
struct Vmod_vmod_event4_Func {
  vmod_event_f *f_on_event;
};

static struct Vmod_vmod_event4_Func Vmod_vmod_event4_Func;"
  ],
  [
    "$EVENT",
    "Vmod_vmod_event4_Func.f_on_event"
  ]
]

