---
source: varnish-macros/src/tests.rs
---
VMOD_JSON_SPEC
[
  [
    "$VMOD",
    "2.0",
    "event2",
    "Vmod_vmod_event2_Func",
    "3f9a35edbd9d31f20e0e49c9cf2e8cbad94d5566bfa2c4ac9d7e0ee8734ccf7f",
    "Varnish (version) (hash)",
    "0",
    "0"
  ],
  [
    "$CPROTO",
    "
struct Vmod_vmod_event2_Func {
  vmod_event_f *f_on_event;
};

static struct Vmod_vmod_event2_Func Vmod_vmod_event2_Func;"
  ],
  [
    "$EVENT",
    "Vmod_vmod_event2_Func.f_on_event"
  ]
]

