---
source: varnish-macros/src/tests.rs
---
VMOD_JSON_SPEC
[
  [
    "$VMOD",
    "2.0",
    "event",
    "Vmod_vmod_event_Func",
    "a23cae0ff2d68d412ab99bbd5fed1cb61e2ed90c103fd72a997a7570c2f17fd9",
    "Varnish (version) (hash)",
    "0",
    "0"
  ],
  [
    "$CPROTO",
    "
struct Vmod_vmod_event_Func {
  vmod_event_f *f_on_event;
};

static struct Vmod_vmod_event_Func Vmod_vmod_event_Func;"
  ],
  [
    "$EVENT",
    "Vmod_vmod_event_Func.f_on_event"
  ]
]

