---
source: varnish-macros/src/tests.rs
---
VMOD_JSON_SPEC
[
  [
    "$VMOD",
    "2.0",
    "event4",
    "Vmod_vmod_event4_Func",
    "175c7ec9109deed12fd179ac4668daa8618c0545a527ebd6ca025d413afef85c",
    "Varnish (version) (hash)",
    "0",
    "0"
  ],
  [
    "$CPROTO",
    "
struct Vmod_vmod_event4_Func {
  vmod_event_f *f_on_event;
};

static struct Vmod_vmod_event4_Func Vmod_vmod_event4_Func;"
  ],
  [
    "$EVENT",
    "Vmod_vmod_event4_Func.f_on_event"
  ]
]

