---
source: varnish-macros/src/tests.rs
---
VMOD_JSON_SPEC
[
  [
    "$VMOD",
    "2.0",
    "event",
    "Vmod_vmod_event_Func",
    "f7022eb72c8f634ddf5e18f9678a14ae6f04d6178caffcfb94413b3131c34dfb",
    "Varnish (version) (hash)",
    "0",
    "0"
  ],
  [
    "$CPROTO",
    "
struct Vmod_vmod_event_Func {
  vmod_event_f *f_on_event;
};

static struct Vmod_vmod_event_Func Vmod_vmod_event_Func;"
  ],
  [
    "$EVENT",
    "Vmod_vmod_event_Func.f_on_event"
  ]
]

