---
source: varnish-macros/src/tests.rs
---
VMOD_JSON_SPEC
[
  [
    "$VMOD",
    "2.0",
    "event2",
    "Vmod_vmod_event2_Func",
    "2e473cc3e52a7f632d15c64309e2b77ab3662a82c413e07404b9e31aa70e631b",
    "Varnish (version) (hash)",
    "0",
    "0"
  ],
  [
    "$CPROTO",
    "
struct Vmod_vmod_event2_Func {
  vmod_event_f *f_on_event;
};

static struct Vmod_vmod_event2_Func Vmod_vmod_event2_Func;"
  ],
  [
    "$EVENT",
    "Vmod_vmod_event2_Func.f_on_event"
  ]
]

