---
source: varnish-macros/src/tests.rs
---
VMOD_JSON_SPEC
[
  [
    "$VMOD",
    "2.0",
    "vcl_args",
    "Vmod_vmod_vcl_args_Func",
    "45daefb9c914b93711dedc20857bd62dfa548a78e212a8c75945597e8339e22a",
    "Varnish (version) (hash)",
    "0",
    "0"
  ],
  [
    "$CPROTO",
    "
typedef VCL_VOID td_vmod_vcl_args_arg_vcl_backend(
    VRT_CTX,
    VCL_BACKEND
);

typedef VCL_VOID td_vmod_vcl_args_arg_vcl_sub(
    VRT_CTX,
    VCL_SUB
);

typedef VCL_VOID td_vmod_vcl_args_arg_subroutine(
    VRT_CTX,
    VCL_SUB
);

struct Vmod_vmod_vcl_args_Func {
  td_vmod_vcl_args_arg_vcl_backend *f_arg_vcl_backend;
  td_vmod_vcl_args_arg_vcl_sub *f_arg_vcl_sub;
  td_vmod_vcl_args_arg_subroutine *f_arg_subroutine;
};

static struct Vmod_vmod_vcl_args_Func Vmod_vmod_vcl_args_Func;"
  ],
  [
    "$FUNC",
    "arg_vcl_backend",
    [
      [
        "VOID"
      ],
      "Vmod_vmod_vcl_args_Func.f_arg_vcl_backend",
      "",
      [
        "BACKEND",
        "_backend",
        "_backend"
      ]
    ]
  ],
  [
    "$FUNC",
    "arg_vcl_sub",
    [
      [
        "VOID"
      ],
      "Vmod_vmod_vcl_args_Func.f_arg_vcl_sub",
      "",
      [
        "SUB",
        "_sub",
        "_sub"
      ]
    ]
  ],
  [
    "$FUNC",
    "arg_subroutine",
    [
      [
        "VOID"
      ],
      "Vmod_vmod_vcl_args_Func.f_arg_subroutine",
      "",
      [
        "SUB",
        "_sub",
        "_sub"
      ]
    ]
  ]
]

