---
source: varnish-macros/src/tests.rs
---
VMOD_JSON_SPEC
[
  [
    "$VMOD",
    "2.0",
    "event4",
    "Vmod_vmod_event4_Func",
    "9ca5a035fbc5d53608e55af230dc13f05c3babf024240a9455a68d184479ea76",
    "Varnish (version) (hash)",
    "0",
    "0"
  ],
  [
    "$CPROTO",
    "
struct Vmod_vmod_event4_Func {
  vmod_event_f *f_on_event;
};

static struct Vmod_vmod_event4_Func Vmod_vmod_event4_Func;"
  ],
  [
    "$EVENT",
    "Vmod_vmod_event4_Func.f_on_event"
  ]
]

