---
source: varnish-macros/src/tests.rs
---
VmodInfo {
    params: VmodParams {
        docs: None,
    },
    ident: "obj2",
    docs: "",
    funcs: [],
    objects: [
        ObjInfo {
            ident: "Obj1",
            docs: "",
            constructors: [
                FuncInfo {
                    func_type: Constructor,
                    ident: "obj1",
                    vcl_name: None,
                    docs: "",
                    has_optional_args: true,
                    args: [
                        ParamTypeInfo {
                            ident: "vcl",
                            docs: "",
                            ty: SharedPerVclMut,
                        },
                        ParamTypeInfo {
                            ident: "val",
                            docs: "",
                            ty: Value(
                                ParamInfo {
                                    kind: Optional,
                                    default: Null,
                                    ty_info: I64,
                                },
                            ),
                        },
                    ],
                    output_ty: SelfType,
                    out_result: false,
                    restrict: [],
                },
            ],
            destructor: FuncInfo {
                func_type: Destructor,
                ident: "_fini",
                vcl_name: None,
                docs: "",
                has_optional_args: false,
                args: [],
                output_ty: Default,
                out_result: false,
                restrict: [],
            },
            funcs: [],
        },
        ObjInfo {
            ident: "Obj2",
            docs: "",
            constructors: [
                FuncInfo {
                    func_type: Constructor,
                    ident: "obj2",
                    vcl_name: None,
                    docs: "",
                    has_optional_args: false,
                    args: [
                        ParamTypeInfo {
                            ident: "vcl",
                            docs: "",
                            ty: SharedPerVclMut,
                        },
                        ParamTypeInfo {
                            ident: "val",
                            docs: "",
                            ty: Value(
                                ParamInfo {
                                    kind: Regular,
                                    default: Null,
                                    ty_info: I64,
                                },
                            ),
                        },
                    ],
                    output_ty: SelfType,
                    out_result: false,
                    restrict: [],
                },
            ],
            destructor: FuncInfo {
                func_type: Destructor,
                ident: "_fini",
                vcl_name: None,
                docs: "",
                has_optional_args: false,
                args: [],
                output_ty: Default,
                out_result: false,
                restrict: [],
            },
            funcs: [],
        },
        ObjInfo {
            ident: "Obj3",
            docs: "",
            constructors: [
                FuncInfo {
                    func_type: Constructor,
                    ident: "obj3",
                    vcl_name: None,
                    docs: "",
                    has_optional_args: true,
                    args: [
                        ParamTypeInfo {
                            ident: "ctx",
                            docs: "",
                            ty: Context {
                                is_mut: true,
                            },
                        },
                        ParamTypeInfo {
                            ident: "vcl",
                            docs: "",
                            ty: SharedPerVclMut,
                        },
                        ParamTypeInfo {
                            ident: "val",
                            docs: "",
                            ty: Value(
                                ParamInfo {
                                    kind: Optional,
                                    default: Null,
                                    ty_info: I64,
                                },
                            ),
                        },
                    ],
                    output_ty: SelfType,
                    out_result: false,
                    restrict: [],
                },
            ],
            destructor: FuncInfo {
                func_type: Destructor,
                ident: "_fini",
                vcl_name: None,
                docs: "",
                has_optional_args: false,
                args: [],
                output_ty: Default,
                out_result: false,
                restrict: [],
            },
            funcs: [],
        },
        ObjInfo {
            ident: "Obj4",
            docs: "",
            constructors: [
                FuncInfo {
                    func_type: Constructor,
                    ident: "obj4",
                    vcl_name: None,
                    docs: "",
                    has_optional_args: false,
                    args: [
                        ParamTypeInfo {
                            ident: "ctx",
                            docs: "",
                            ty: Context {
                                is_mut: true,
                            },
                        },
                        ParamTypeInfo {
                            ident: "vcl",
                            docs: "",
                            ty: SharedPerVclMut,
                        },
                        ParamTypeInfo {
                            ident: "val",
                            docs: "",
                            ty: Value(
                                ParamInfo {
                                    kind: Regular,
                                    default: Null,
                                    ty_info: I64,
                                },
                            ),
                        },
                    ],
                    output_ty: SelfType,
                    out_result: false,
                    restrict: [],
                },
            ],
            destructor: FuncInfo {
                func_type: Destructor,
                ident: "_fini",
                vcl_name: None,
                docs: "",
                has_optional_args: false,
                args: [],
                output_ty: Default,
                out_result: false,
                restrict: [],
            },
            funcs: [],
        },
    ],
    shared_types: SharedTypes {
        shared_per_task_ty: None,
        shared_per_vcl_ty: Some(
            "PerVcl",
        ),
    },
}
