---
source: varnish-macros/src/tests.rs
---
VMOD_JSON_SPEC
[
  [
    "$VMOD",
    "2.0",
    "returns",
    "Vmod_vmod_returns_Func",
    "bd1f4833656f22cf08282405aeddd291f808ebdd475a80e267ea40cec9376409",
    "Varnish (version) (hash)",
    "0",
    "0"
  ],
  [
    "$CPROTO",
    "
typedef VCL_SUB td_vmod_returns_return_subroutine(
    VRT_CTX
);

struct Vmod_vmod_returns_Func {
  td_vmod_returns_return_subroutine *f_return_subroutine;
};

static struct Vmod_vmod_returns_Func Vmod_vmod_returns_Func;"
  ],
  [
    "$FUNC",
    "return_subroutine",
    [
      [
        "SUB"
      ],
      "Vmod_vmod_returns_Func.f_return_subroutine",
      ""
    ]
  ]
]

